// Jest Snapshot v1, https://goo.gl/fbAQLP

exports[`Pruebas de componente <PrimeraApp /> debe de mostrar <PrimeraApp /> correctamente 1`] = `
<Fragment>
  <h2>
     
    Hola, Soy Goku
  </h2>
  <p>
    Soy un subtitulo
  </p>
</Fragment>
`;
